Archive member included because of file (symbol)

/usr/lib/gcc/avr/4.7.3/avr5/libgcc.a(_muluhisi3.o)
                              ff.o (__muluhisi3)
/usr/lib/gcc/avr/4.7.3/avr5/libgcc.a(_udivmodsi4.o)
                              ff.o (__udivmodsi4)
/usr/lib/gcc/avr/4.7.3/avr5/libgcc.a(_exit.o)
                              /usr/lib/gcc/avr/4.7.3/../../../../avr/lib/avr5/crtm16.o (exit)
/usr/lib/gcc/avr/4.7.3/avr5/libgcc.a(_copy_data.o)
                              main.o (__do_copy_data)
/usr/lib/gcc/avr/4.7.3/avr5/libgcc.a(_clear_bss.o)
                              main.o (__do_clear_bss)
/usr/lib/gcc/avr/4.7.3/avr5/libgcc.a(_umulhisi3.o)
                              /usr/lib/gcc/avr/4.7.3/avr5/libgcc.a(_muluhisi3.o) (__umulhisi3)
/usr/lib/gcc/avr/4.7.3/../../../../avr/lib/avr5/libc.a(malloc.o)
                              main.o (malloc)
/usr/lib/gcc/avr/4.7.3/avr5/libgcc.a(_epilogue.o)
                              /usr/lib/gcc/avr/4.7.3/../../../../avr/lib/avr5/libc.a(malloc.o) (__epilogue_restores__)

Allocating common symbols
Common symbol       size              file

fp                  0x2               main.o
FatFs               0x232             main.o
__brkval            0x2               /usr/lib/gcc/avr/4.7.3/../../../../avr/lib/avr5/libc.a(malloc.o)
__flp               0x2               /usr/lib/gcc/avr/4.7.3/../../../../avr/lib/avr5/libc.a(malloc.o)

Memory Configuration

Name             Origin             Length             Attributes
text             0x0000000000000000 0x0000000000020000 xr
data             0x0000000000800060 0x000000000000ffa0 rw !x
eeprom           0x0000000000810000 0x0000000000010000 rw !x
fuse             0x0000000000820000 0x0000000000000400 rw !x
lock             0x0000000000830000 0x0000000000000400 rw !x
signature        0x0000000000840000 0x0000000000000400 rw !x
*default*        0x0000000000000000 0xffffffffffffffff

Linker script and memory map

LOAD /usr/lib/gcc/avr/4.7.3/../../../../avr/lib/avr5/crtm16.o
LOAD main.o
LOAD diskio.o
LOAD ff.o
LOAD /usr/lib/gcc/avr/4.7.3/../../../../avr/lib/avr5/libm.a
LOAD /usr/lib/gcc/avr/4.7.3/avr5/libgcc.a
LOAD /usr/lib/gcc/avr/4.7.3/../../../../avr/lib/avr5/libc.a
LOAD /usr/lib/gcc/avr/4.7.3/avr5/libgcc.a

.hash
 *(.hash)

.dynsym
 *(.dynsym)

.dynstr
 *(.dynstr)

.gnu.version
 *(.gnu.version)

.gnu.version_d
 *(.gnu.version_d)

.gnu.version_r
 *(.gnu.version_r)

.rel.init
 *(.rel.init)

.rela.init
 *(.rela.init)

.rel.text
 *(.rel.text)
 *(.rel.text.*)
 *(.rel.gnu.linkonce.t*)

.rela.text
 *(.rela.text)
 *(.rela.text.*)
 *(.rela.gnu.linkonce.t*)

.rel.fini
 *(.rel.fini)

.rela.fini
 *(.rela.fini)

.rel.rodata
 *(.rel.rodata)
 *(.rel.rodata.*)
 *(.rel.gnu.linkonce.r*)

.rela.rodata
 *(.rela.rodata)
 *(.rela.rodata.*)
 *(.rela.gnu.linkonce.r*)

.rel.data
 *(.rel.data)
 *(.rel.data.*)
 *(.rel.gnu.linkonce.d*)

.rela.data
 *(.rela.data)
 *(.rela.data.*)
 *(.rela.gnu.linkonce.d*)

.rel.ctors
 *(.rel.ctors)

.rela.ctors
 *(.rela.ctors)

.rel.dtors
 *(.rel.dtors)

.rela.dtors
 *(.rela.dtors)

.rel.got
 *(.rel.got)

.rela.got
 *(.rela.got)

.rel.bss
 *(.rel.bss)

.rela.bss
 *(.rela.bss)

.rel.plt
 *(.rel.plt)

.rela.plt
 *(.rela.plt)

.text           0x0000000000000000     0x3c6e
 *(.vectors)
 .vectors       0x0000000000000000       0x54 /usr/lib/gcc/avr/4.7.3/../../../../avr/lib/avr5/crtm16.o
                0x0000000000000000                __vectors
                0x0000000000000000                __vector_default
 *(.vectors)
 *(.progmem.gcc*)
 *(.progmem*)
                0x0000000000000054                . = ALIGN (0x2)
                0x0000000000000054                __trampolines_start = .
 *(.trampolines)
 .trampolines   0x0000000000000054        0x0 linker stubs
 *(.trampolines*)
                0x0000000000000054                __trampolines_end = .
 *(.jumptables)
 *(.jumptables*)
 *(.lowtext)
 *(.lowtext*)
                0x0000000000000054                __ctors_start = .
 *(.ctors)
                0x0000000000000054                __ctors_end = .
                0x0000000000000054                __dtors_start = .
 *(.dtors)
                0x0000000000000054                __dtors_end = .
 SORT(*)(.ctors)
 SORT(*)(.dtors)
 *(.init0)
 .init0         0x0000000000000054        0x0 /usr/lib/gcc/avr/4.7.3/../../../../avr/lib/avr5/crtm16.o
                0x0000000000000054                __init
 *(.init0)
 *(.init1)
 *(.init1)
 *(.init2)
 .init2         0x0000000000000054        0xc /usr/lib/gcc/avr/4.7.3/../../../../avr/lib/avr5/crtm16.o
 *(.init2)
 *(.init3)
 *(.init3)
 *(.init4)
 .init4         0x0000000000000060       0x16 /usr/lib/gcc/avr/4.7.3/avr5/libgcc.a(_copy_data.o)
                0x0000000000000060                __do_copy_data
 .init4         0x0000000000000076       0x10 /usr/lib/gcc/avr/4.7.3/avr5/libgcc.a(_clear_bss.o)
                0x0000000000000076                __do_clear_bss
 *(.init4)
 *(.init5)
 *(.init5)
 *(.init6)
 *(.init6)
 *(.init7)
 *(.init7)
 *(.init8)
 *(.init8)
 *(.init9)
 .init9         0x0000000000000086        0x8 /usr/lib/gcc/avr/4.7.3/../../../../avr/lib/avr5/crtm16.o
 *(.init9)
 *(.text)
 .text          0x000000000000008e        0x4 /usr/lib/gcc/avr/4.7.3/../../../../avr/lib/avr5/crtm16.o
                0x000000000000008e                __vector_1
                0x000000000000008e                __vector_12
                0x000000000000008e                __bad_interrupt
                0x000000000000008e                __vector_6
                0x000000000000008e                __vector_3
                0x000000000000008e                __vector_11
                0x000000000000008e                __vector_13
                0x000000000000008e                __vector_17
                0x000000000000008e                __vector_19
                0x000000000000008e                __vector_7
                0x000000000000008e                __vector_5
                0x000000000000008e                __vector_4
                0x000000000000008e                __vector_9
                0x000000000000008e                __vector_2
                0x000000000000008e                __vector_15
                0x000000000000008e                __vector_8
                0x000000000000008e                __vector_14
                0x000000000000008e                __vector_10
                0x000000000000008e                __vector_16
                0x000000000000008e                __vector_18
                0x000000000000008e                __vector_20
 .text          0x0000000000000092        0xa main.o
                0x0000000000000092                get_fattime
 .text          0x000000000000009c      0x3d6 diskio.o
                0x00000000000001f2                disk_initialize
                0x000000000000039a                disk_status
                0x00000000000003a8                disk_read
                0x0000000000000438                disk_timerproc
 .text          0x0000000000000472     0x3384 ff.o
                0x0000000000000fc4                clust2sect
                0x000000000000101c                get_fat
                0x0000000000001356                put_fat
                0x0000000000001d94                f_mount
                0x0000000000001dc0                f_open
                0x0000000000001fe8                f_read
                0x0000000000002314                f_write
                0x00000000000026fe                f_sync
                0x00000000000027c0                f_close
                0x00000000000027d8                f_lseek
                0x0000000000002bac                f_opendir
                0x0000000000002c70                f_readdir
                0x0000000000002d16                f_stat
                0x0000000000002d98                f_getfree
                0x0000000000002fe0                f_truncate
                0x00000000000030f0                f_unlink
                0x000000000000322a                f_mkdir
                0x00000000000034f0                f_chmod
                0x000000000000357e                f_utime
                0x0000000000003618                f_rename
 .text          0x00000000000037f6        0x0 /usr/lib/gcc/avr/4.7.3/avr5/libgcc.a(_muluhisi3.o)
 .text          0x00000000000037f6        0x0 /usr/lib/gcc/avr/4.7.3/avr5/libgcc.a(_udivmodsi4.o)
 .text          0x00000000000037f6        0x0 /usr/lib/gcc/avr/4.7.3/avr5/libgcc.a(_exit.o)
 .text          0x00000000000037f6        0x0 /usr/lib/gcc/avr/4.7.3/avr5/libgcc.a(_copy_data.o)
 .text          0x00000000000037f6        0x0 /usr/lib/gcc/avr/4.7.3/avr5/libgcc.a(_clear_bss.o)
 .text          0x00000000000037f6        0x0 /usr/lib/gcc/avr/4.7.3/avr5/libgcc.a(_umulhisi3.o)
 .text          0x00000000000037f6        0x0 /usr/lib/gcc/avr/4.7.3/../../../../avr/lib/avr5/libc.a(malloc.o)
 .text          0x00000000000037f6        0x0 /usr/lib/gcc/avr/4.7.3/avr5/libgcc.a(_epilogue.o)
                0x00000000000037f6                . = ALIGN (0x2)
 *(.text.*)
 .text.startup  0x00000000000037f6      0x15c main.o
                0x00000000000037f6                main
 .text.libgcc.mul
                0x0000000000003952       0x16 /usr/lib/gcc/avr/4.7.3/avr5/libgcc.a(_muluhisi3.o)
                0x0000000000003952                __muluhisi3
 .text.libgcc.div
                0x0000000000003968        0x0 /usr/lib/gcc/avr/4.7.3/avr5/libgcc.a(_muluhisi3.o)
 .text.libgcc   0x0000000000003968        0x0 /usr/lib/gcc/avr/4.7.3/avr5/libgcc.a(_muluhisi3.o)
 .text.libgcc.prologue
                0x0000000000003968        0x0 /usr/lib/gcc/avr/4.7.3/avr5/libgcc.a(_muluhisi3.o)
 .text.libgcc.builtins
                0x0000000000003968        0x0 /usr/lib/gcc/avr/4.7.3/avr5/libgcc.a(_muluhisi3.o)
 .text.libgcc.fmul
                0x0000000000003968        0x0 /usr/lib/gcc/avr/4.7.3/avr5/libgcc.a(_muluhisi3.o)
 .text.libgcc.mul
                0x0000000000003968        0x0 /usr/lib/gcc/avr/4.7.3/avr5/libgcc.a(_udivmodsi4.o)
 .text.libgcc.div
                0x0000000000003968       0x44 /usr/lib/gcc/avr/4.7.3/avr5/libgcc.a(_udivmodsi4.o)
                0x0000000000003968                __udivmodsi4
 .text.libgcc   0x00000000000039ac        0x0 /usr/lib/gcc/avr/4.7.3/avr5/libgcc.a(_udivmodsi4.o)
 .text.libgcc.prologue
                0x00000000000039ac        0x0 /usr/lib/gcc/avr/4.7.3/avr5/libgcc.a(_udivmodsi4.o)
 .text.libgcc.builtins
                0x00000000000039ac        0x0 /usr/lib/gcc/avr/4.7.3/avr5/libgcc.a(_udivmodsi4.o)
 .text.libgcc.fmul
                0x00000000000039ac        0x0 /usr/lib/gcc/avr/4.7.3/avr5/libgcc.a(_udivmodsi4.o)
 .text.libgcc.mul
                0x00000000000039ac        0x0 /usr/lib/gcc/avr/4.7.3/avr5/libgcc.a(_exit.o)
 .text.libgcc.div
                0x00000000000039ac        0x0 /usr/lib/gcc/avr/4.7.3/avr5/libgcc.a(_exit.o)
 .text.libgcc   0x00000000000039ac        0x0 /usr/lib/gcc/avr/4.7.3/avr5/libgcc.a(_exit.o)
 .text.libgcc.prologue
                0x00000000000039ac        0x0 /usr/lib/gcc/avr/4.7.3/avr5/libgcc.a(_exit.o)
 .text.libgcc.builtins
                0x00000000000039ac        0x0 /usr/lib/gcc/avr/4.7.3/avr5/libgcc.a(_exit.o)
 .text.libgcc.fmul
                0x00000000000039ac        0x0 /usr/lib/gcc/avr/4.7.3/avr5/libgcc.a(_exit.o)
 .text.libgcc.mul
                0x00000000000039ac        0x0 /usr/lib/gcc/avr/4.7.3/avr5/libgcc.a(_copy_data.o)
 .text.libgcc.div
                0x00000000000039ac        0x0 /usr/lib/gcc/avr/4.7.3/avr5/libgcc.a(_copy_data.o)
 .text.libgcc   0x00000000000039ac        0x0 /usr/lib/gcc/avr/4.7.3/avr5/libgcc.a(_copy_data.o)
 .text.libgcc.prologue
                0x00000000000039ac        0x0 /usr/lib/gcc/avr/4.7.3/avr5/libgcc.a(_copy_data.o)
 .text.libgcc.builtins
                0x00000000000039ac        0x0 /usr/lib/gcc/avr/4.7.3/avr5/libgcc.a(_copy_data.o)
 .text.libgcc.fmul
                0x00000000000039ac        0x0 /usr/lib/gcc/avr/4.7.3/avr5/libgcc.a(_copy_data.o)
 .text.libgcc.mul
                0x00000000000039ac        0x0 /usr/lib/gcc/avr/4.7.3/avr5/libgcc.a(_clear_bss.o)
 .text.libgcc.div
                0x00000000000039ac        0x0 /usr/lib/gcc/avr/4.7.3/avr5/libgcc.a(_clear_bss.o)
 .text.libgcc   0x00000000000039ac        0x0 /usr/lib/gcc/avr/4.7.3/avr5/libgcc.a(_clear_bss.o)
 .text.libgcc.prologue
                0x00000000000039ac        0x0 /usr/lib/gcc/avr/4.7.3/avr5/libgcc.a(_clear_bss.o)
 .text.libgcc.builtins
                0x00000000000039ac        0x0 /usr/lib/gcc/avr/4.7.3/avr5/libgcc.a(_clear_bss.o)
 .text.libgcc.fmul
                0x00000000000039ac        0x0 /usr/lib/gcc/avr/4.7.3/avr5/libgcc.a(_clear_bss.o)
 .text.libgcc.mul
                0x00000000000039ac       0x18 /usr/lib/gcc/avr/4.7.3/avr5/libgcc.a(_umulhisi3.o)
                0x00000000000039ac                __umulhisi3
 .text.libgcc.div
                0x00000000000039c4        0x0 /usr/lib/gcc/avr/4.7.3/avr5/libgcc.a(_umulhisi3.o)
 .text.libgcc   0x00000000000039c4        0x0 /usr/lib/gcc/avr/4.7.3/avr5/libgcc.a(_umulhisi3.o)
 .text.libgcc.prologue
                0x00000000000039c4        0x0 /usr/lib/gcc/avr/4.7.3/avr5/libgcc.a(_umulhisi3.o)
 .text.libgcc.builtins
                0x00000000000039c4        0x0 /usr/lib/gcc/avr/4.7.3/avr5/libgcc.a(_umulhisi3.o)
 .text.libgcc.fmul
                0x00000000000039c4        0x0 /usr/lib/gcc/avr/4.7.3/avr5/libgcc.a(_umulhisi3.o)
 .text.avr-libc
                0x00000000000039c4      0x270 /usr/lib/gcc/avr/4.7.3/../../../../avr/lib/avr5/libc.a(malloc.o)
                0x00000000000039c4                malloc
                0x0000000000003afa                free
 .text.libgcc.mul
                0x0000000000003c34        0x0 /usr/lib/gcc/avr/4.7.3/avr5/libgcc.a(_epilogue.o)
 .text.libgcc.div
                0x0000000000003c34        0x0 /usr/lib/gcc/avr/4.7.3/avr5/libgcc.a(_epilogue.o)
 .text.libgcc   0x0000000000003c34        0x0 /usr/lib/gcc/avr/4.7.3/avr5/libgcc.a(_epilogue.o)
 .text.libgcc.prologue
                0x0000000000003c34       0x36 /usr/lib/gcc/avr/4.7.3/avr5/libgcc.a(_epilogue.o)
                0x0000000000003c34                __epilogue_restores__
 .text.libgcc.builtins
                0x0000000000003c6a        0x0 /usr/lib/gcc/avr/4.7.3/avr5/libgcc.a(_epilogue.o)
 .text.libgcc.fmul
                0x0000000000003c6a        0x0 /usr/lib/gcc/avr/4.7.3/avr5/libgcc.a(_epilogue.o)
                0x0000000000003c6a                . = ALIGN (0x2)
 *(.fini9)
 .fini9         0x0000000000003c6a        0x0 /usr/lib/gcc/avr/4.7.3/avr5/libgcc.a(_exit.o)
                0x0000000000003c6a                exit
                0x0000000000003c6a                _exit
 *(.fini9)
 *(.fini8)
 *(.fini8)
 *(.fini7)
 *(.fini7)
 *(.fini6)
 *(.fini6)
 *(.fini5)
 *(.fini5)
 *(.fini4)
 *(.fini4)
 *(.fini3)
 *(.fini3)
 *(.fini2)
 *(.fini2)
 *(.fini1)
 *(.fini1)
 *(.fini0)
 .fini0         0x0000000000003c6a        0x4 /usr/lib/gcc/avr/4.7.3/avr5/libgcc.a(_exit.o)
 *(.fini0)
                0x0000000000003c6e                _etext = .

.data           0x0000000000800060       0x7e load address 0x0000000000003c6e
                0x0000000000800060                PROVIDE (__data_start, .)
 *(.data)
 .data          0x0000000000800060        0x0 /usr/lib/gcc/avr/4.7.3/../../../../avr/lib/avr5/crtm16.o
 .data          0x0000000000800060        0x0 main.o
 .data          0x0000000000800060        0x1 diskio.o
 .data          0x0000000000800061        0x0 ff.o
 .data          0x0000000000800061        0x0 /usr/lib/gcc/avr/4.7.3/avr5/libgcc.a(_muluhisi3.o)
 .data          0x0000000000800061        0x0 /usr/lib/gcc/avr/4.7.3/avr5/libgcc.a(_udivmodsi4.o)
 .data          0x0000000000800061        0x0 /usr/lib/gcc/avr/4.7.3/avr5/libgcc.a(_exit.o)
 .data          0x0000000000800061        0x0 /usr/lib/gcc/avr/4.7.3/avr5/libgcc.a(_copy_data.o)
 .data          0x0000000000800061        0x0 /usr/lib/gcc/avr/4.7.3/avr5/libgcc.a(_clear_bss.o)
 .data          0x0000000000800061        0x0 /usr/lib/gcc/avr/4.7.3/avr5/libgcc.a(_umulhisi3.o)
 .data          0x0000000000800061        0x6 /usr/lib/gcc/avr/4.7.3/../../../../avr/lib/avr5/libc.a(malloc.o)
                0x0000000000800061                __malloc_heap_end
                0x0000000000800063                __malloc_heap_start
                0x0000000000800065                __malloc_margin
 .data          0x0000000000800067        0x0 /usr/lib/gcc/avr/4.7.3/avr5/libgcc.a(_epilogue.o)
 *(.data*)
 *(.rodata)
 *(.rodata*)
 .rodata.str1.1
                0x0000000000800067       0x68 main.o
                                         0x69 (size before relaxing)
 .rodata.str1.1
                0x00000000008000cf        0xf ff.o
 *(.gnu.linkonce.d*)
                0x00000000008000de                . = ALIGN (0x2)
                0x00000000008000de                _edata = .
                0x00000000008000de                PROVIDE (__data_end, .)

.bss            0x00000000008000de      0x23f
                0x00000000008000de                PROVIDE (__bss_start, .)
 *(.bss)
 .bss           0x00000000008000de        0x0 /usr/lib/gcc/avr/4.7.3/../../../../avr/lib/avr5/crtm16.o
 .bss           0x00000000008000de        0x0 main.o
 .bss           0x00000000008000de        0x3 diskio.o
 .bss           0x00000000008000e1        0x4 ff.o
 .bss           0x00000000008000e5        0x0 /usr/lib/gcc/avr/4.7.3/avr5/libgcc.a(_muluhisi3.o)
 .bss           0x00000000008000e5        0x0 /usr/lib/gcc/avr/4.7.3/avr5/libgcc.a(_udivmodsi4.o)
 .bss           0x00000000008000e5        0x0 /usr/lib/gcc/avr/4.7.3/avr5/libgcc.a(_exit.o)
 .bss           0x00000000008000e5        0x0 /usr/lib/gcc/avr/4.7.3/avr5/libgcc.a(_copy_data.o)
 .bss           0x00000000008000e5        0x0 /usr/lib/gcc/avr/4.7.3/avr5/libgcc.a(_clear_bss.o)
 .bss           0x00000000008000e5        0x0 /usr/lib/gcc/avr/4.7.3/avr5/libgcc.a(_umulhisi3.o)
 .bss           0x00000000008000e5        0x0 /usr/lib/gcc/avr/4.7.3/../../../../avr/lib/avr5/libc.a(malloc.o)
 .bss           0x00000000008000e5        0x0 /usr/lib/gcc/avr/4.7.3/avr5/libgcc.a(_epilogue.o)
 *(.bss*)
 *(COMMON)
 COMMON         0x00000000008000e5      0x234 main.o
                0x00000000008000e5                fp
                0x00000000008000e7                FatFs
 COMMON         0x0000000000800319        0x4 /usr/lib/gcc/avr/4.7.3/../../../../avr/lib/avr5/libc.a(malloc.o)
                0x0000000000800319                __brkval
                0x000000000080031b                __flp
                0x000000000080031d                PROVIDE (__bss_end, .)
                0x0000000000003c6e                __data_load_start = LOADADDR (.data)
                0x0000000000003cec                __data_load_end = (__data_load_start + SIZEOF (.data))

.noinit         0x000000000080031d        0x0
                0x000000000080031d                PROVIDE (__noinit_start, .)
 *(.noinit*)
                0x000000000080031d                PROVIDE (__noinit_end, .)
                0x000000000080031d                _end = .
                0x000000000080031d                PROVIDE (__heap_start, .)

.eeprom         0x0000000000810000        0x0
 *(.eeprom*)
                0x0000000000810000                __eeprom_end = .

.fuse
 *(.fuse)
 *(.lfuse)
 *(.hfuse)
 *(.efuse)

.lock
 *(.lock*)

.signature
 *(.signature*)

.stab           0x0000000000000000     0x6c18
 *(.stab)
 .stab          0x0000000000000000      0x6cc /usr/lib/gcc/avr/4.7.3/../../../../avr/lib/avr5/crtm16.o
 .stab          0x00000000000006cc      0x6e4 main.o
                                        0x6f0 (size before relaxing)
 .stab          0x0000000000000db0      0xae0 diskio.o
                                        0xd74 (size before relaxing)
 .stab          0x0000000000001890     0x4488 ff.o
                                       0x45c0 (size before relaxing)
 .stab          0x0000000000005d18       0xcc /usr/lib/gcc/avr/4.7.3/avr5/libgcc.a(_muluhisi3.o)
                                         0xd8 (size before relaxing)
 .stab          0x0000000000005de4      0x228 /usr/lib/gcc/avr/4.7.3/avr5/libgcc.a(_udivmodsi4.o)
                                        0x234 (size before relaxing)
 .stab          0x000000000000600c       0x6c /usr/lib/gcc/avr/4.7.3/avr5/libgcc.a(_exit.o)
                                         0x78 (size before relaxing)
 .stab          0x0000000000006078       0xd8 /usr/lib/gcc/avr/4.7.3/avr5/libgcc.a(_copy_data.o)
                                         0xe4 (size before relaxing)
 .stab          0x0000000000006150       0xb4 /usr/lib/gcc/avr/4.7.3/avr5/libgcc.a(_clear_bss.o)
                                         0xc0 (size before relaxing)
 .stab          0x0000000000006204       0xe4 /usr/lib/gcc/avr/4.7.3/avr5/libgcc.a(_umulhisi3.o)
                                         0xf0 (size before relaxing)
 .stab          0x00000000000062e8      0x78c /usr/lib/gcc/avr/4.7.3/../../../../avr/lib/avr5/libc.a(malloc.o)
                                        0x798 (size before relaxing)
 .stab          0x0000000000006a74      0x1a4 /usr/lib/gcc/avr/4.7.3/avr5/libgcc.a(_epilogue.o)
                                        0x1b0 (size before relaxing)

.stabstr        0x0000000000000000     0x1e70
 *(.stabstr)
 .stabstr       0x0000000000000000     0x1e70 /usr/lib/gcc/avr/4.7.3/../../../../avr/lib/avr5/crtm16.o

.stab.excl
 *(.stab.excl)

.stab.exclstr
 *(.stab.exclstr)

.stab.index
 *(.stab.index)

.stab.indexstr
 *(.stab.indexstr)

.comment        0x0000000000000000       0x39
 *(.comment)
 .comment       0x0000000000000000       0x39 main.o
                                         0x3a (size before relaxing)
 .comment       0x0000000000000000       0x3a diskio.o
 .comment       0x0000000000000000       0x3a ff.o
 .comment       0x0000000000000000       0x3a /usr/lib/gcc/avr/4.7.3/../../../../avr/lib/avr5/libc.a(malloc.o)

.debug
 *(.debug)

.line
 *(.line)

.debug_srcinfo
 *(.debug_srcinfo)

.debug_sfnames
 *(.debug_sfnames)

.debug_aranges
 *(.debug_aranges)

.debug_pubnames
 *(.debug_pubnames)

.debug_info
 *(.debug_info)
 *(.gnu.linkonce.wi.*)

.debug_abbrev
 *(.debug_abbrev)

.debug_line
 *(.debug_line)

.debug_frame
 *(.debug_frame)

.debug_str
 *(.debug_str)

.debug_loc
 *(.debug_loc)

.debug_macinfo
 *(.debug_macinfo)

.debug_pubtypes
 *(.debug_pubtypes)

.debug_ranges
 *(.debug_ranges)

.debug_macro
 *(.debug_macro)
OUTPUT(main.elf elf32-avr)
LOAD linker stubs

Cross Reference Table

Symbol                                            File
FatFs                                             main.o
__bad_interrupt                                   /usr/lib/gcc/avr/4.7.3/../../../../avr/lib/avr5/crtm16.o
__brkval                                          /usr/lib/gcc/avr/4.7.3/../../../../avr/lib/avr5/libc.a(malloc.o)
__bss_end                                         /usr/lib/gcc/avr/4.7.3/avr5/libgcc.a(_clear_bss.o)
__bss_start                                       /usr/lib/gcc/avr/4.7.3/avr5/libgcc.a(_clear_bss.o)
__data_end                                        /usr/lib/gcc/avr/4.7.3/avr5/libgcc.a(_copy_data.o)
__data_load_start                                 /usr/lib/gcc/avr/4.7.3/avr5/libgcc.a(_copy_data.o)
__data_start                                      /usr/lib/gcc/avr/4.7.3/avr5/libgcc.a(_copy_data.o)
__do_clear_bss                                    /usr/lib/gcc/avr/4.7.3/avr5/libgcc.a(_clear_bss.o)
                                                  /usr/lib/gcc/avr/4.7.3/../../../../avr/lib/avr5/libc.a(malloc.o)
                                                  ff.o
                                                  diskio.o
                                                  main.o
__do_copy_data                                    /usr/lib/gcc/avr/4.7.3/avr5/libgcc.a(_copy_data.o)
                                                  /usr/lib/gcc/avr/4.7.3/../../../../avr/lib/avr5/libc.a(malloc.o)
                                                  ff.o
                                                  diskio.o
                                                  main.o
__epilogue_restores__                             /usr/lib/gcc/avr/4.7.3/avr5/libgcc.a(_epilogue.o)
                                                  /usr/lib/gcc/avr/4.7.3/../../../../avr/lib/avr5/libc.a(malloc.o)
__flp                                             /usr/lib/gcc/avr/4.7.3/../../../../avr/lib/avr5/libc.a(malloc.o)
__heap_end                                        /usr/lib/gcc/avr/4.7.3/../../../../avr/lib/avr5/crtm16.o
                                                  /usr/lib/gcc/avr/4.7.3/../../../../avr/lib/avr5/libc.a(malloc.o)
__heap_start                                      /usr/lib/gcc/avr/4.7.3/../../../../avr/lib/avr5/libc.a(malloc.o)
__init                                            /usr/lib/gcc/avr/4.7.3/../../../../avr/lib/avr5/crtm16.o
__malloc_heap_end                                 /usr/lib/gcc/avr/4.7.3/../../../../avr/lib/avr5/libc.a(malloc.o)
__malloc_heap_start                               /usr/lib/gcc/avr/4.7.3/../../../../avr/lib/avr5/libc.a(malloc.o)
__malloc_margin                                   /usr/lib/gcc/avr/4.7.3/../../../../avr/lib/avr5/libc.a(malloc.o)
__muluhisi3                                       /usr/lib/gcc/avr/4.7.3/avr5/libgcc.a(_muluhisi3.o)
                                                  ff.o
__stack                                           /usr/lib/gcc/avr/4.7.3/../../../../avr/lib/avr5/crtm16.o
__udivmodsi4                                      /usr/lib/gcc/avr/4.7.3/avr5/libgcc.a(_udivmodsi4.o)
                                                  ff.o
__umulhisi3                                       /usr/lib/gcc/avr/4.7.3/avr5/libgcc.a(_umulhisi3.o)
                                                  /usr/lib/gcc/avr/4.7.3/avr5/libgcc.a(_muluhisi3.o)
__vector_1                                        /usr/lib/gcc/avr/4.7.3/../../../../avr/lib/avr5/crtm16.o
__vector_10                                       /usr/lib/gcc/avr/4.7.3/../../../../avr/lib/avr5/crtm16.o
__vector_11                                       /usr/lib/gcc/avr/4.7.3/../../../../avr/lib/avr5/crtm16.o
__vector_12                                       /usr/lib/gcc/avr/4.7.3/../../../../avr/lib/avr5/crtm16.o
__vector_13                                       /usr/lib/gcc/avr/4.7.3/../../../../avr/lib/avr5/crtm16.o
__vector_14                                       /usr/lib/gcc/avr/4.7.3/../../../../avr/lib/avr5/crtm16.o
__vector_15                                       /usr/lib/gcc/avr/4.7.3/../../../../avr/lib/avr5/crtm16.o
__vector_16                                       /usr/lib/gcc/avr/4.7.3/../../../../avr/lib/avr5/crtm16.o
__vector_17                                       /usr/lib/gcc/avr/4.7.3/../../../../avr/lib/avr5/crtm16.o
__vector_18                                       /usr/lib/gcc/avr/4.7.3/../../../../avr/lib/avr5/crtm16.o
__vector_19                                       /usr/lib/gcc/avr/4.7.3/../../../../avr/lib/avr5/crtm16.o
__vector_2                                        /usr/lib/gcc/avr/4.7.3/../../../../avr/lib/avr5/crtm16.o
__vector_20                                       /usr/lib/gcc/avr/4.7.3/../../../../avr/lib/avr5/crtm16.o
__vector_3                                        /usr/lib/gcc/avr/4.7.3/../../../../avr/lib/avr5/crtm16.o
__vector_4                                        /usr/lib/gcc/avr/4.7.3/../../../../avr/lib/avr5/crtm16.o
__vector_5                                        /usr/lib/gcc/avr/4.7.3/../../../../avr/lib/avr5/crtm16.o
__vector_6                                        /usr/lib/gcc/avr/4.7.3/../../../../avr/lib/avr5/crtm16.o
__vector_7                                        /usr/lib/gcc/avr/4.7.3/../../../../avr/lib/avr5/crtm16.o
__vector_8                                        /usr/lib/gcc/avr/4.7.3/../../../../avr/lib/avr5/crtm16.o
__vector_9                                        /usr/lib/gcc/avr/4.7.3/../../../../avr/lib/avr5/crtm16.o
__vector_default                                  /usr/lib/gcc/avr/4.7.3/../../../../avr/lib/avr5/crtm16.o
__vectors                                         /usr/lib/gcc/avr/4.7.3/../../../../avr/lib/avr5/crtm16.o
_exit                                             /usr/lib/gcc/avr/4.7.3/avr5/libgcc.a(_exit.o)
clust2sect                                        ff.o
disk_initialize                                   diskio.o
                                                  ff.o
disk_ioctl                                        ff.o
disk_read                                         diskio.o
                                                  ff.o
disk_status                                       diskio.o
                                                  ff.o
disk_timerproc                                    diskio.o
disk_write                                        ff.o
exit                                              /usr/lib/gcc/avr/4.7.3/avr5/libgcc.a(_exit.o)
                                                  /usr/lib/gcc/avr/4.7.3/../../../../avr/lib/avr5/crtm16.o
f_chmod                                           ff.o
f_close                                           ff.o
                                                  main.o
f_getfree                                         ff.o
f_getlabel                                        main.o
f_lseek                                           ff.o
                                                  main.o
f_mkdir                                           ff.o
f_mount                                           ff.o
                                                  main.o
f_open                                            ff.o
                                                  main.o
f_opendir                                         ff.o
f_read                                            ff.o
                                                  main.o
f_readdir                                         ff.o
f_rename                                          ff.o
f_stat                                            ff.o
f_sync                                            ff.o
f_truncate                                        ff.o
f_unlink                                          ff.o
f_utime                                           ff.o
f_write                                           ff.o
                                                  main.o
fp                                                main.o
free                                              /usr/lib/gcc/avr/4.7.3/../../../../avr/lib/avr5/libc.a(malloc.o)
get_fat                                           ff.o
get_fattime                                       main.o
                                                  ff.o
main                                              main.o
                                                  /usr/lib/gcc/avr/4.7.3/../../../../avr/lib/avr5/crtm16.o
malloc                                            /usr/lib/gcc/avr/4.7.3/../../../../avr/lib/avr5/libc.a(malloc.o)
                                                  main.o
put_fat                                           ff.o
